C51 COMPILER V9.60.7.0   ADC                                                               02/26/2025 22:52:46 PAGE 1   


C51 COMPILER V9.60.7.0, COMPILATION OF MODULE ADC
OBJECT MODULE PLACED IN ..\Output\hex\adc.obj
COMPILER INVOKED BY: D:\APP\Keil_STM32\C51\BIN\C51.EXE ..\Core\Src\adc.c LARGE OPTIMIZE(8,SPEED) BROWSE INCDIR(..\BSP\In
                    -c;..\Core\Inc;..\Drivers;..\Emembed\Inc;..\Middlewares;..\SYSTEM\Inc) DEBUG OBJECTEXTEND PRINT(.\Listings\adc.lst) OBJEC
                    -T(..\Output\hex\adc.obj)

line level    source

   1          #include "adc.h"
   2          
   3          #define ADC_POWER 0X80
   4          #define ADC_START 0X40
   5          #define ADC_FLAG  0X20
   6          
   7          /**
   8           * @brief       ADC初始化
   9           *
  10           * @param   void
  11           *
  12           * @return  void
  13          **/
  14          void ADC_Init( void )
  15          {       
  16   1              ADC_CONTR |= ADC_POWER;         //开AD转换电源
  17   1              delay_ms(10);               //适当延时等待AD转换供电稳定
  18   1              
  19   1              ADCCFG    &= 0xFC;                      //AD转换速度为416个时钟数转换一次
  20   1              ADCCFG    |= 0x0C;                      //AD转换速度为416个时钟数转换一次
  21   1      
  22   1              ADC_CONTR &= ~ADC_FLAG;         //清AD转换完成标志
  23   1                      
  24   1              IE        &= ~0X20;                     //禁止ADC转换中断
  25   1      
  26   1              ADCCFG    |= 0x20;                      //ADC转换结果ADC_RES存高4位，ADC_RESL存低8位
  27   1      }
  28          
  29          /**
  30           * @brief       获取ADC值
  31           *
  32           * @param   ADC_Channel：ADC通道对应值
  33           *
  34           * @return  adc_value：12位ADC value
  35          **/
  36          uint16_t Get_ADC_12bit( uint8_t ADC_Channel )   
  37          {
  38   1              uint16_t adc_value = 0;
  39   1      
  40   1              /* 1, 启动ADC转换                           */
  41   1              ADC_CONTR &= 0XF0;
  42   1              ADC_CONTR |=  ADC_START | ADC_Channel;
  43   1      
  44   1          /* 2, 等待ADC转换完成                       */
  45   1          while (!(ADC_CONTR & ADC_FLAG));  
  46   1              ADC_CONTR &= ~ADC_FLAG; 
  47   1              ADC_CONTR &= ~ADC_START;
  48   1      
  49   1              /* 3, 赋值给 adc_value 作为返回值           */
  50   1              adc_value = ADC_RES << 8 | ADC_RESL;                    //ADC转换结果ADC_RES存高4位，ADC_RESL存低8位
  51   1              return adc_value;       
  52   1      }

C51 COMPILER V9.60.7.0   ADC                                                               02/26/2025 22:52:46 PAGE 2   


MODULE INFORMATION:   STATIC OVERLAYABLE
   CODE SIZE        =     59    ----
   CONSTANT SIZE    =   ----    ----
   XDATA SIZE       =   ----    ----
   PDATA SIZE       =   ----    ----
   DATA SIZE        =   ----    ----
   IDATA SIZE       =   ----    ----
   BIT SIZE         =   ----    ----
END OF MODULE INFORMATION.


C51 COMPILATION COMPLETE.  0 WARNING(S),  0 ERROR(S)
