C51 COMPILER V9.60.7.0   MODBUS_RTU                                                        02/26/2025 22:52:46 PAGE 1   


C51 COMPILER V9.60.7.0, COMPILATION OF MODULE MODBUS_RTU
OBJECT MODULE PLACED IN ..\Output\hex\modbus_rtu.obj
COMPILER INVOKED BY: D:\APP\Keil_STM32\C51\BIN\C51.EXE ..\Emembed\Src\modbus_rtu.c LARGE OPTIMIZE(8,SPEED) BROWSE INCDIR
                    -(..\BSP\Inc;..\Core\Inc;..\Drivers;..\Emembed\Inc;..\Middlewares;..\SYSTEM\Inc) DEBUG OBJECTEXTEND PRINT(.\Listings\modb
                    -us_rtu.lst) OBJECT(..\Output\hex\modbus_rtu.obj)

line level    source

   1          #include "modbus_rtu.h"
   2          
   3          MODBIS_INFO modbus;
   4          
   5          /**
   6           * @brief       modbus_rtu  无奇偶校验
   7           *
   8           * @param   void
   9           *
  10           * @return  void 
  11          **/
  12          void Modbus_Event( void )
  13          {
  14   1          /*1.接收完毕                                           */
  15   1          if( rs485.RX4_rcv_end_Flag == 1 )
  16   1          {
  17   2              /*2.清空接收完毕标志位                              */    
  18   2              rs485.RX4_rcv_end_Flag = 0;
  19   2      
  20   2              /*3.清空接收计数                                    */
  21   2              rs485.RX4_rcv_cnt = 0; 
  22   2      
  23   2      
  24   2              /*6.地址域校验通过，进入相应功能进行处理      */
  25   2              if( rs485.RX4_buf[0] == MY_ADDR )
  26   2              {
  27   3                  switch ( rs485.RX4_buf[1] )
  28   3                  {
  29   4                      case 0x15:
  30   4                          rs485.TX4_buf[0] = 0x51;
  31   4                          rs485.TX4_buf[1] = 0x15;
  32   4                          rs485.TX4_send_bytelength = 2;
  33   4                          S4CON |= S4TI;                                  //开始发送
  34   4                          break;
  35   4                          
  36   4                      case 0x16:
  37   4                          wk06_params_send();                                 //开始发送
  38   4                          break;
  39   4      
  40   4                      case 0xA0:
  41   4                          EX0 = rs485.RX4_buf[2];
  42   4                          break;
  43   4      
  44   4                      case 0xA1:
  45   4                          pwm7_crl(rs485.RX4_buf[2]);
  46   4                          break;
  47   4      
  48   4                      case 0xA2:
  49   4                          buzzer = rs485.RX4_buf[2];
  50   4                          break;  
  51   4      
  52   4                      case 0xA3:  
  53   4                          dc_24v.fan_level = rs485.RX4_buf[2];
C51 COMPILER V9.60.7.0   MODBUS_RTU                                                        02/26/2025 22:52:46 PAGE 2   

  54   4                          pwm8_crl(dc_24v.fan_level);
  55   4                          eeprom_data_record();
  56   4                          break; 
  57   4      
  58   4                      case 0xA4:  
  59   4                          dc_24v.stir = rs485.RX4_buf[2];
  60   4                          DC_24V_out1(dc_24v.stir);
  61   4                          break; 
  62   4      
  63   4                      case 0xA5:  
  64   4                          dc_24v.cir = rs485.RX4_buf[2];
  65   4                          DC_24V_out2(dc_24v.cir);
  66   4                          break; 
  67   4                          
  68   4                      case 0xA6:  
  69   4                          temp.temp_alarm_value1 = rs485.RX4_buf[2];
  70   4                          temp.temp_alarm_value2 = rs485.RX4_buf[3];
  71   4                          temp.temp_alarm_value3 = rs485.RX4_buf[4];
  72   4                          eeprom_data_record();
  73   4                          break; 
  74   4      
  75   4                      case 0xA7:  
  76   4                          dc_24v.stir_run_time = rs485.RX4_buf[2];
  77   4                          dc_24v.stir_wait_time = rs485.RX4_buf[3];
  78   4                          dc_24v.cir_run_time = rs485.RX4_buf[4];
  79   4                          dc_24v.cir_wait_time = rs485.RX4_buf[5];
  80   4                          eeprom_data_record();
  81   4                          break; 
  82   4      
  83   4                      case 0xA8:
  84   4                          level.level_info = rs485.RX4_buf[2];
  85   4                          eeprom_data_record();
  86   4                          break; 
  87   4      
  88   4                      default:
  89   4                          break;
  90   4                  }
  91   3              }
  92   2          }
  93   1      }
  94          
  95          void wk06_statu_send( void )
  96          {
  97   1          rs485.TX4_buf[0] = 0x51;
  98   1          rs485.TX4_buf[1] = 0x17;
  99   1      
 100   1          rs485.TX4_buf[2] = temp.temp_value1;
 101   1          rs485.TX4_buf[3] = temp.temp_value2;
 102   1          rs485.TX4_buf[4] = temp.temp_value3;
 103   1      
 104   1          rs485.TX4_buf[5] = level.level1;
 105   1          rs485.TX4_buf[6] = level.level2;
 106   1          rs485.TX4_buf[7] = level.level3;
 107   1          rs485.TX4_buf[8] = level.level4;
 108   1          rs485.TX4_buf[9] = level.level5;
 109   1          rs485.TX4_buf[10] = level.level6;
 110   1          rs485.TX4_buf[11] = level.level7;
 111   1          rs485.TX4_buf[12] = level.level8;
 112   1          rs485.TX4_buf[13] = level.level9;
 113   1          rs485.TX4_buf[14] = level.level10;
 114   1          if ( IN_24V == 1 )
 115   1          {
C51 COMPILER V9.60.7.0   MODBUS_RTU                                                        02/26/2025 22:52:46 PAGE 3   

 116   2              rs485.TX4_buf[15] = 0;
 117   2          }else
 118   1          {
 119   2              rs485.TX4_buf[15] = 1;
 120   2          }
 121   1          
 122   1          rs485.TX4_send_bytelength = 16;
 123   1          S4CON |= S4TI;             
 124   1      }
 125          
 126          void wk06_params_send( void )
 127          {
 128   1          rs485.TX4_buf[0] = 0x51;
 129   1          rs485.TX4_buf[1] = 0x16;
 130   1          rs485.TX4_buf[2] = dc_24v.fan_level;
 131   1          rs485.TX4_buf[3] = dc_24v.stir_run_time;
 132   1          rs485.TX4_buf[4] = dc_24v.stir_wait_time;
 133   1          rs485.TX4_buf[5] = dc_24v.cir_run_time;
 134   1          rs485.TX4_buf[6] = dc_24v.cir_wait_time;
 135   1      
 136   1      
 137   1          rs485.TX4_buf[7] = temp.temp_alarm_value1;
 138   1          rs485.TX4_buf[8] = temp.temp_alarm_value2;
 139   1          rs485.TX4_buf[9] = temp.temp_alarm_value3;
 140   1      
 141   1          rs485.TX4_buf[10] = level.level_info;
 142   1      
 143   1          rs485.TX4_send_bytelength = 11;
 144   1          S4CON |= S4TI;
 145   1      }


MODULE INFORMATION:   STATIC OVERLAYABLE
   CODE SIZE        =    476    ----
   CONSTANT SIZE    =   ----    ----
   XDATA SIZE       =      7    ----
   PDATA SIZE       =   ----    ----
   DATA SIZE        =   ----    ----
   IDATA SIZE       =   ----    ----
   BIT SIZE         =   ----    ----
END OF MODULE INFORMATION.


C51 COMPILATION COMPLETE.  0 WARNING(S),  0 ERROR(S)
