C51 COMPILER V9.60.7.0   PWM_CRL                                                           02/26/2025 22:52:46 PAGE 1   


C51 COMPILER V9.60.7.0, COMPILATION OF MODULE PWM_CRL
OBJECT MODULE PLACED IN ..\Output\hex\pwm_crl.obj
COMPILER INVOKED BY: D:\APP\Keil_STM32\C51\BIN\C51.EXE ..\BSP\Src\pwm_crl.c LARGE OPTIMIZE(8,SPEED) BROWSE INCDIR(..\BSP
                    -\Inc;..\Core\Inc;..\Drivers;..\Emembed\Inc;..\Middlewares;..\SYSTEM\Inc) DEBUG OBJECTEXTEND PRINT(.\Listings\pwm_crl.lst
                    -) OBJECT(..\Output\hex\pwm_crl.obj)

line level    source

   1          #include "pwm_crl.h"
   2          
   3          DC_24V dc_24v;
   4          
   5          void pwm7_crl( uint8_t on_off )
   6          {
   7   1          if( on_off == 1)
   8   1          {
   9   2              PWMB_CCR7 = 0x0451;
  10   2          }else
  11   1          {
  12   2              PWMB_CCR7 = 0;
  13   2          }
  14   1      }
  15          
  16          void pwm8_crl( uint8_t level )
  17          {
  18   1          PWMB_CCR8 = level * 184;
  19   1      }


MODULE INFORMATION:   STATIC OVERLAYABLE
   CODE SIZE        =     36    ----
   CONSTANT SIZE    =   ----    ----
   XDATA SIZE       =     16    ----
   PDATA SIZE       =   ----    ----
   DATA SIZE        =   ----    ----
   IDATA SIZE       =   ----    ----
   BIT SIZE         =   ----    ----
END OF MODULE INFORMATION.


C51 COMPILATION COMPLETE.  0 WARNING(S),  0 ERROR(S)
